$ cat tests/2-matrix_divided.txt
>>> matrix_divided = __import__('2-matrix_divided').matrix_divided
>>> matrix = [
...     [2, 4, 6],
...     [8, 10, 12]
... ]
>>> matrix_divided(matrix, 2)
[[1.0, 2.0, 3.0], [4.0, 5.0, 6.0]]

>>> matrix_divided(matrix, 3)
[[0.67, 1.33, 2.0], [2.67, 3.33, 4.0]]

>>> matrix_divided(matrix, 1)
[[2.0, 4.0, 6.0], [8.0, 10.0, 12.0]]

>>> matrix_divided(matrix, 0)
Traceback (most recent call last):
    ...
ZeroDivisionError: division by zero

>>> matrix_divided([[1, 2], [3, '4']], 2)
Traceback (most recent call last):
    ...
TypeError: matrix must be a matrix (list of lists) of integers/floats

>>> matrix_divided([[1, 2, 3], [4, 5]], 2)
Traceback (most recent call last):
    ...
TypeError: Each row of the matrix must have the same size

>>> matrix_divided([[1, 2], [3, 4]], "2")
Traceback (most recent call last):
    ...
TypeError: div must be a number

>>> matrix_divided([[1, 2, 3], [4, 5, 6]], 3.5)
[[0.29, 0.57, 0.86], [1.14, 1.43, 1.71]]
